[boxerinu.finance/index.html]
[backblue.gif]
[fade.gif]
[index.html]
[boxerinu.finance/img/2.png]
[boxerinu.finance/slick-1.8.1/slick/slick.css]
[boxerinu.finance/slick-1.8.1/slick/slick-theme.css]
[boxerinu.finance/css/global.css]
[boxerinu.finance/css/main.css]
[boxerinu.finance/css/mobile.css]
[boxerinu.finance/css/preloader.css]
[boxerinu.finance/css/slider.css]
[code.jquery.com/jquery-3.2.1.slim.min.js]
[cdnjs.cloudflare.com/ajax/libs/popper.js/1.12.9/umd/popper.min.js]
[maxcdn.bootstrapcdn.com/bootstrap/4.0.0/js/bootstrap.min.js]
[boxerinu.finance/img/favicon.ico]
[boxerinu.finance/bootstrap/css/bootstrap.min.css]
[www.w3schools.com/w3css/4/w3.css]
[unpkg.com/aos@2.3.1/dist/aos.css]
[kit.fontawesome.com/526bff5e00.js]
[boxerinu.finance/index-2.html]
[boxerinu.finance/img/boxer_nod.gif]
[boxerinu.finance/boxerinuwhitepaper.pdf]
[boxerinu.finance/boxerinu.gif]
[boxerinu.finance/img/10.png]
[boxerinu.finance/img/9.png]
[boxerinu.finance/img/8.png]
[boxerinu.finance/img/7.png]
[boxerinu.finance/img/6.png]
[boxerinu.finance/img/1.png]
[boxerinu.finance/img/5.png]
[boxerinu.finance/img/website_light.png]
[boxerinu.finance/img/website_dark.png]
[boxerinu.finance/img/boxer nft web.png]
[boxerinu.finance/img/boxer nft web 2.png]
[boxerinu.finance/img/4.png]
[boxerinu.finance/img/3.png]
[boxerinu.finance/img/bsctimes.png]
[boxerinu.finance/img/brands/coinmaerketcap.png]
[boxerinu.finance/img/brands/binance-smart-chain.jpg]
[boxerinu.finance/img/brands/coin-gecko.jpg]
[boxerinu.finance/img/brands/bscdaily.jpg]
[boxerinu.finance/img/brands/2L-KEmdk_400x400.png]
[boxerinu.finance/img/brands/bsc.jpg]
[boxerinu.finance/img/brands/tech-rate.jpg]
[boxerinu.finance/img/brands/pnglot.com-twitter-bird-logo-png-139932.png]
[boxerinu.finance/img/brands/Telegram_logo.svg.webp]
[boxerinu.finance/img/brands/github-icon.png]
[ajax.googleapis.com/ajax/libs/jquery/1.5.2/jquery.min.js]
[cdnjs.cloudflare.com/ajax/libs/modernizr/2.8.2/modernizr.js]
[boxerinu.finance/js/preloader.js]
[cdnjs.cloudflare.com/ajax/libs/jquery/3.2.1/jquery.min.js]
[unpkg.com/aos@2.3.1/dist/aos.js]
[boxerinu.finance/js/timer.js]
[boxerinu.finance/js/accordion.js]
[boxerinu.finance/js/slider.js]
[code.jquery.com/jquery-3.3.1.min.js]
[code.jquery.com/jquery-2.2.0.min.js]
[boxerinu.finance/slick-1.8.1/slick/slick.js]
[boxerinu.finance/index.html]
[boxerinu.finance/slick-1.8.1/slick/slick.css]
[boxerinu.finance/slick-1.8.1/slick/ajax-loader.gif]
[boxerinu.finance/slick-1.8.1/slick/fonts/slick.eot]
[boxerinu.finance/slick-1.8.1/slick/fonts/slickd41d.eot]
[boxerinu.finance/slick-1.8.1/slick/fonts/slick.woff]
[boxerinu.finance/slick-1.8.1/slick/fonts/slick.ttf]
[boxerinu.finance/slick-1.8.1/slick/fonts/slick.svg]
[boxerinu.finance/slick-1.8.1/slick/slick-theme.css]
[boxerinu.finance/css/global.css]
[i.stack.imgur.com/MnyxU.gif]
[boxerinu.finance/css/img/103b97ed-fb36-4887-b0b8-286b9104ac11.png]
[boxerinu.finance/img/boxer_glove.gif]
[boxerinu.finance/css/main.css]
[boxerinu.finance/css/mobile.css]
[boxerinu.finance/img/preloading2.gif]
[boxerinu.finance/css/preloader.css]
[boxerinu.finance/css/slider.css]
[boxerinu.finance/css/brand.css]
[boxerinu.finance/bootstrap/css/bootstrap.min.css]
[www.w3schools.com/w3css/4/w3.css]
[unpkg.com/aos@2.3.1/dist/aos.css]
[boxerinu.finance/index-2.html]
[boxerinu.finance/js/brand.js]
[boxerinu.finance/slick-1.8.1/slick/fonts/slick.svg]
[boxerinu.finance/css/img/103b97ed-fb36-4887-b0b8-286b9104ac11.html]
